<!DOCTYPE html><html><head><meta charset="utf-8"><title>My Site Name</title><meta name="author" content="Site Owner"><link href="/sample.da39a3ee5e6b.css" rel="stylesheet" type="text/css"></head><body><header><h1>My Site Name</h1></header><main><h2>Untitled</h2></main><footer><p>&copy; Site Owner</p></footer><script src="/sample.da39a3ee5e6b.js"></script></body></html>